// Jest Snapshot v1, https://goo.gl/fbAQLP

exports[`App component renders App 1`] = `
<DocumentFragment>
  <button
    aria-label="Get a Simpsons quote"
  >
    Get a Simpsons quote
  </button>
</DocumentFragment>
`;
